// Jest Snapshot v1, https://jestjs.io/docs/snapshot-testing

exports[`Board should render the board 1`] = `
{
  "asFragment": [Function],
  "baseElement": <body>
    <div>
      <div
        class="flex h-[20rem] w-[20rem] rounded-2xl border border-neutral-200 bg-neutral-100 p-3 shadow-lg md:h-[28rem] md:w-[28rem]"
        data-testid="board"
      >
        <div
          aria-label="Tic Tac Toe board"
          class="flex flex-1 flex-wrap overflow-hidden rounded-xl border border-dashed border-neutral-200 bg-white"
        >
          <button
            aria-label="Empty"
            class="group relative flex h-1/3 w-1/3 items-center justify-center border border-dashed border-neutral-200 p-1 transition-colors duration-150 hover:cursor-pointer hover:bg-neutral-50"
            data-testid="square-0"
            type="button"
          >
            <span
              class="absolute inset-0 flex items-center justify-center opacity-0 transition-opacity duration-150 group-hover:opacity-100"
            >
              <svg
                class="size-20 md:size-30 text-neutral-200/60"
                data-testid="x-icon"
                fill="none"
                height="24"
                stroke="currentColor"
                stroke-linecap="round"
                stroke-linejoin="round"
                stroke-width="3"
                viewBox="0 0 24 24"
                width="24"
                xmlns="http://www.w3.org/2000/svg"
              >
                <path
                  d="M18 6 6 18"
                />
                <path
                  d="m6 6 12 12"
                />
              </svg>
            </span>
          </button>
          <button
            aria-label="Empty"
            class="group relative flex h-1/3 w-1/3 items-center justify-center border border-dashed border-neutral-200 p-1 transition-colors duration-150 hover:cursor-pointer hover:bg-neutral-50"
            data-testid="square-1"
            type="button"
          >
            <span
              class="absolute inset-0 flex items-center justify-center opacity-0 transition-opacity duration-150 group-hover:opacity-100"
            >
              <svg
                class="size-20 md:size-30 text-neutral-200/60"
                data-testid="x-icon"
                fill="none"
                height="24"
                stroke="currentColor"
                stroke-linecap="round"
                stroke-linejoin="round"
                stroke-width="3"
                viewBox="0 0 24 24"
                width="24"
                xmlns="http://www.w3.org/2000/svg"
              >
                <path
                  d="M18 6 6 18"
                />
                <path
                  d="m6 6 12 12"
                />
              </svg>
            </span>
          </button>
          <button
            aria-label="Empty"
            class="group relative flex h-1/3 w-1/3 items-center justify-center border border-dashed border-neutral-200 p-1 transition-colors duration-150 hover:cursor-pointer hover:bg-neutral-50"
            data-testid="square-2"
            type="button"
          >
            <span
              class="absolute inset-0 flex items-center justify-center opacity-0 transition-opacity duration-150 group-hover:opacity-100"
            >
              <svg
                class="size-20 md:size-30 text-neutral-200/60"
                data-testid="x-icon"
                fill="none"
                height="24"
                stroke="currentColor"
                stroke-linecap="round"
                stroke-linejoin="round"
                stroke-width="3"
                viewBox="0 0 24 24"
                width="24"
                xmlns="http://www.w3.org/2000/svg"
              >
                <path
                  d="M18 6 6 18"
                />
                <path
                  d="m6 6 12 12"
                />
              </svg>
            </span>
          </button>
          <button
            aria-label="Empty"
            class="group relative flex h-1/3 w-1/3 items-center justify-center border border-dashed border-neutral-200 p-1 transition-colors duration-150 hover:cursor-pointer hover:bg-neutral-50"
            data-testid="square-3"
            type="button"
          >
            <span
              class="absolute inset-0 flex items-center justify-center opacity-0 transition-opacity duration-150 group-hover:opacity-100"
            >
              <svg
                class="size-20 md:size-30 text-neutral-200/60"
                data-testid="x-icon"
                fill="none"
                height="24"
                stroke="currentColor"
                stroke-linecap="round"
                stroke-linejoin="round"
                stroke-width="3"
                viewBox="0 0 24 24"
                width="24"
                xmlns="http://www.w3.org/2000/svg"
              >
                <path
                  d="M18 6 6 18"
                />
                <path
                  d="m6 6 12 12"
                />
              </svg>
            </span>
          </button>
          <button
            aria-label="Empty"
            class="group relative flex h-1/3 w-1/3 items-center justify-center border border-dashed border-neutral-200 p-1 transition-colors duration-150 hover:cursor-pointer hover:bg-neutral-50"
            data-testid="square-4"
            type="button"
          >
            <span
              class="absolute inset-0 flex items-center justify-center opacity-0 transition-opacity duration-150 group-hover:opacity-100"
            >
              <svg
                class="size-20 md:size-30 text-neutral-200/60"
                data-testid="x-icon"
                fill="none"
                height="24"
                stroke="currentColor"
                stroke-linecap="round"
                stroke-linejoin="round"
                stroke-width="3"
                viewBox="0 0 24 24"
                width="24"
                xmlns="http://www.w3.org/2000/svg"
              >
                <path
                  d="M18 6 6 18"
                />
                <path
                  d="m6 6 12 12"
                />
              </svg>
            </span>
          </button>
          <button
            aria-label="Empty"
            class="group relative flex h-1/3 w-1/3 items-center justify-center border border-dashed border-neutral-200 p-1 transition-colors duration-150 hover:cursor-pointer hover:bg-neutral-50"
            data-testid="square-5"
            type="button"
          >
            <span
              class="absolute inset-0 flex items-center justify-center opacity-0 transition-opacity duration-150 group-hover:opacity-100"
            >
              <svg
                class="size-20 md:size-30 text-neutral-200/60"
                data-testid="x-icon"
                fill="none"
                height="24"
                stroke="currentColor"
                stroke-linecap="round"
                stroke-linejoin="round"
                stroke-width="3"
                viewBox="0 0 24 24"
                width="24"
                xmlns="http://www.w3.org/2000/svg"
              >
                <path
                  d="M18 6 6 18"
                />
                <path
                  d="m6 6 12 12"
                />
              </svg>
            </span>
          </button>
          <button
            aria-label="Empty"
            class="group relative flex h-1/3 w-1/3 items-center justify-center border border-dashed border-neutral-200 p-1 transition-colors duration-150 hover:cursor-pointer hover:bg-neutral-50"
            data-testid="square-6"
            type="button"
          >
            <span
              class="absolute inset-0 flex items-center justify-center opacity-0 transition-opacity duration-150 group-hover:opacity-100"
            >
              <svg
                class="size-20 md:size-30 text-neutral-200/60"
                data-testid="x-icon"
                fill="none"
                height="24"
                stroke="currentColor"
                stroke-linecap="round"
                stroke-linejoin="round"
                stroke-width="3"
                viewBox="0 0 24 24"
                width="24"
                xmlns="http://www.w3.org/2000/svg"
              >
                <path
                  d="M18 6 6 18"
                />
                <path
                  d="m6 6 12 12"
                />
              </svg>
            </span>
          </button>
          <button
            aria-label="Empty"
            class="group relative flex h-1/3 w-1/3 items-center justify-center border border-dashed border-neutral-200 p-1 transition-colors duration-150 hover:cursor-pointer hover:bg-neutral-50"
            data-testid="square-7"
            type="button"
          >
            <span
              class="absolute inset-0 flex items-center justify-center opacity-0 transition-opacity duration-150 group-hover:opacity-100"
            >
              <svg
                class="size-20 md:size-30 text-neutral-200/60"
                data-testid="x-icon"
                fill="none"
                height="24"
                stroke="currentColor"
                stroke-linecap="round"
                stroke-linejoin="round"
                stroke-width="3"
                viewBox="0 0 24 24"
                width="24"
                xmlns="http://www.w3.org/2000/svg"
              >
                <path
                  d="M18 6 6 18"
                />
                <path
                  d="m6 6 12 12"
                />
              </svg>
            </span>
          </button>
          <button
            aria-label="Empty"
            class="group relative flex h-1/3 w-1/3 items-center justify-center border border-dashed border-neutral-200 p-1 transition-colors duration-150 hover:cursor-pointer hover:bg-neutral-50"
            data-testid="square-8"
            type="button"
          >
            <span
              class="absolute inset-0 flex items-center justify-center opacity-0 transition-opacity duration-150 group-hover:opacity-100"
            >
              <svg
                class="size-20 md:size-30 text-neutral-200/60"
                data-testid="x-icon"
                fill="none"
                height="24"
                stroke="currentColor"
                stroke-linecap="round"
                stroke-linejoin="round"
                stroke-width="3"
                viewBox="0 0 24 24"
                width="24"
                xmlns="http://www.w3.org/2000/svg"
              >
                <path
                  d="M18 6 6 18"
                />
                <path
                  d="m6 6 12 12"
                />
              </svg>
            </span>
          </button>
        </div>
      </div>
    </div>
  </body>,
  "container": <div>
    <div
      class="flex h-[20rem] w-[20rem] rounded-2xl border border-neutral-200 bg-neutral-100 p-3 shadow-lg md:h-[28rem] md:w-[28rem]"
      data-testid="board"
    >
      <div
        aria-label="Tic Tac Toe board"
        class="flex flex-1 flex-wrap overflow-hidden rounded-xl border border-dashed border-neutral-200 bg-white"
      >
        <button
          aria-label="Empty"
          class="group relative flex h-1/3 w-1/3 items-center justify-center border border-dashed border-neutral-200 p-1 transition-colors duration-150 hover:cursor-pointer hover:bg-neutral-50"
          data-testid="square-0"
          type="button"
        >
          <span
            class="absolute inset-0 flex items-center justify-center opacity-0 transition-opacity duration-150 group-hover:opacity-100"
          >
            <svg
              class="size-20 md:size-30 text-neutral-200/60"
              data-testid="x-icon"
              fill="none"
              height="24"
              stroke="currentColor"
              stroke-linecap="round"
              stroke-linejoin="round"
              stroke-width="3"
              viewBox="0 0 24 24"
              width="24"
              xmlns="http://www.w3.org/2000/svg"
            >
              <path
                d="M18 6 6 18"
              />
              <path
                d="m6 6 12 12"
              />
            </svg>
          </span>
        </button>
        <button
          aria-label="Empty"
          class="group relative flex h-1/3 w-1/3 items-center justify-center border border-dashed border-neutral-200 p-1 transition-colors duration-150 hover:cursor-pointer hover:bg-neutral-50"
          data-testid="square-1"
          type="button"
        >
          <span
            class="absolute inset-0 flex items-center justify-center opacity-0 transition-opacity duration-150 group-hover:opacity-100"
          >
            <svg
              class="size-20 md:size-30 text-neutral-200/60"
              data-testid="x-icon"
              fill="none"
              height="24"
              stroke="currentColor"
              stroke-linecap="round"
              stroke-linejoin="round"
              stroke-width="3"
              viewBox="0 0 24 24"
              width="24"
              xmlns="http://www.w3.org/2000/svg"
            >
              <path
                d="M18 6 6 18"
              />
              <path
                d="m6 6 12 12"
              />
            </svg>
          </span>
        </button>
        <button
          aria-label="Empty"
          class="group relative flex h-1/3 w-1/3 items-center justify-center border border-dashed border-neutral-200 p-1 transition-colors duration-150 hover:cursor-pointer hover:bg-neutral-50"
          data-testid="square-2"
          type="button"
        >
          <span
            class="absolute inset-0 flex items-center justify-center opacity-0 transition-opacity duration-150 group-hover:opacity-100"
          >
            <svg
              class="size-20 md:size-30 text-neutral-200/60"
              data-testid="x-icon"
              fill="none"
              height="24"
              stroke="currentColor"
              stroke-linecap="round"
              stroke-linejoin="round"
              stroke-width="3"
              viewBox="0 0 24 24"
              width="24"
              xmlns="http://www.w3.org/2000/svg"
            >
              <path
                d="M18 6 6 18"
              />
              <path
                d="m6 6 12 12"
              />
            </svg>
          </span>
        </button>
        <button
          aria-label="Empty"
          class="group relative flex h-1/3 w-1/3 items-center justify-center border border-dashed border-neutral-200 p-1 transition-colors duration-150 hover:cursor-pointer hover:bg-neutral-50"
          data-testid="square-3"
          type="button"
        >
          <span
            class="absolute inset-0 flex items-center justify-center opacity-0 transition-opacity duration-150 group-hover:opacity-100"
          >
            <svg
              class="size-20 md:size-30 text-neutral-200/60"
              data-testid="x-icon"
              fill="none"
              height="24"
              stroke="currentColor"
              stroke-linecap="round"
              stroke-linejoin="round"
              stroke-width="3"
              viewBox="0 0 24 24"
              width="24"
              xmlns="http://www.w3.org/2000/svg"
            >
              <path
                d="M18 6 6 18"
              />
              <path
                d="m6 6 12 12"
              />
            </svg>
          </span>
        </button>
        <button
          aria-label="Empty"
          class="group relative flex h-1/3 w-1/3 items-center justify-center border border-dashed border-neutral-200 p-1 transition-colors duration-150 hover:cursor-pointer hover:bg-neutral-50"
          data-testid="square-4"
          type="button"
        >
          <span
            class="absolute inset-0 flex items-center justify-center opacity-0 transition-opacity duration-150 group-hover:opacity-100"
          >
            <svg
              class="size-20 md:size-30 text-neutral-200/60"
              data-testid="x-icon"
              fill="none"
              height="24"
              stroke="currentColor"
              stroke-linecap="round"
              stroke-linejoin="round"
              stroke-width="3"
              viewBox="0 0 24 24"
              width="24"
              xmlns="http://www.w3.org/2000/svg"
            >
              <path
                d="M18 6 6 18"
              />
              <path
                d="m6 6 12 12"
              />
            </svg>
          </span>
        </button>
        <button
          aria-label="Empty"
          class="group relative flex h-1/3 w-1/3 items-center justify-center border border-dashed border-neutral-200 p-1 transition-colors duration-150 hover:cursor-pointer hover:bg-neutral-50"
          data-testid="square-5"
          type="button"
        >
          <span
            class="absolute inset-0 flex items-center justify-center opacity-0 transition-opacity duration-150 group-hover:opacity-100"
          >
            <svg
              class="size-20 md:size-30 text-neutral-200/60"
              data-testid="x-icon"
              fill="none"
              height="24"
              stroke="currentColor"
              stroke-linecap="round"
              stroke-linejoin="round"
              stroke-width="3"
              viewBox="0 0 24 24"
              width="24"
              xmlns="http://www.w3.org/2000/svg"
            >
              <path
                d="M18 6 6 18"
              />
              <path
                d="m6 6 12 12"
              />
            </svg>
          </span>
        </button>
        <button
          aria-label="Empty"
          class="group relative flex h-1/3 w-1/3 items-center justify-center border border-dashed border-neutral-200 p-1 transition-colors duration-150 hover:cursor-pointer hover:bg-neutral-50"
          data-testid="square-6"
          type="button"
        >
          <span
            class="absolute inset-0 flex items-center justify-center opacity-0 transition-opacity duration-150 group-hover:opacity-100"
          >
            <svg
              class="size-20 md:size-30 text-neutral-200/60"
              data-testid="x-icon"
              fill="none"
              height="24"
              stroke="currentColor"
              stroke-linecap="round"
              stroke-linejoin="round"
              stroke-width="3"
              viewBox="0 0 24 24"
              width="24"
              xmlns="http://www.w3.org/2000/svg"
            >
              <path
                d="M18 6 6 18"
              />
              <path
                d="m6 6 12 12"
              />
            </svg>
          </span>
        </button>
        <button
          aria-label="Empty"
          class="group relative flex h-1/3 w-1/3 items-center justify-center border border-dashed border-neutral-200 p-1 transition-colors duration-150 hover:cursor-pointer hover:bg-neutral-50"
          data-testid="square-7"
          type="button"
        >
          <span
            class="absolute inset-0 flex items-center justify-center opacity-0 transition-opacity duration-150 group-hover:opacity-100"
          >
            <svg
              class="size-20 md:size-30 text-neutral-200/60"
              data-testid="x-icon"
              fill="none"
              height="24"
              stroke="currentColor"
              stroke-linecap="round"
              stroke-linejoin="round"
              stroke-width="3"
              viewBox="0 0 24 24"
              width="24"
              xmlns="http://www.w3.org/2000/svg"
            >
              <path
                d="M18 6 6 18"
              />
              <path
                d="m6 6 12 12"
              />
            </svg>
          </span>
        </button>
        <button
          aria-label="Empty"
          class="group relative flex h-1/3 w-1/3 items-center justify-center border border-dashed border-neutral-200 p-1 transition-colors duration-150 hover:cursor-pointer hover:bg-neutral-50"
          data-testid="square-8"
          type="button"
        >
          <span
            class="absolute inset-0 flex items-center justify-center opacity-0 transition-opacity duration-150 group-hover:opacity-100"
          >
            <svg
              class="size-20 md:size-30 text-neutral-200/60"
              data-testid="x-icon"
              fill="none"
              height="24"
              stroke="currentColor"
              stroke-linecap="round"
              stroke-linejoin="round"
              stroke-width="3"
              viewBox="0 0 24 24"
              width="24"
              xmlns="http://www.w3.org/2000/svg"
            >
              <path
                d="M18 6 6 18"
              />
              <path
                d="m6 6 12 12"
              />
            </svg>
          </span>
        </button>
      </div>
    </div>
  </div>,
  "debug": [Function],
  "findAllByAltText": [Function],
  "findAllByDisplayValue": [Function],
  "findAllByLabelText": [Function],
  "findAllByPlaceholderText": [Function],
  "findAllByRole": [Function],
  "findAllByTestId": [Function],
  "findAllByText": [Function],
  "findAllByTitle": [Function],
  "findByAltText": [Function],
  "findByDisplayValue": [Function],
  "findByLabelText": [Function],
  "findByPlaceholderText": [Function],
  "findByRole": [Function],
  "findByTestId": [Function],
  "findByText": [Function],
  "findByTitle": [Function],
  "getAllByAltText": [Function],
  "getAllByDisplayValue": [Function],
  "getAllByLabelText": [Function],
  "getAllByPlaceholderText": [Function],
  "getAllByRole": [Function],
  "getAllByTestId": [Function],
  "getAllByText": [Function],
  "getAllByTitle": [Function],
  "getByAltText": [Function],
  "getByDisplayValue": [Function],
  "getByLabelText": [Function],
  "getByPlaceholderText": [Function],
  "getByRole": [Function],
  "getByTestId": [Function],
  "getByText": [Function],
  "getByTitle": [Function],
  "queryAllByAltText": [Function],
  "queryAllByDisplayValue": [Function],
  "queryAllByLabelText": [Function],
  "queryAllByPlaceholderText": [Function],
  "queryAllByRole": [Function],
  "queryAllByTestId": [Function],
  "queryAllByText": [Function],
  "queryAllByTitle": [Function],
  "queryByAltText": [Function],
  "queryByDisplayValue": [Function],
  "queryByLabelText": [Function],
  "queryByPlaceholderText": [Function],
  "queryByRole": [Function],
  "queryByTestId": [Function],
  "queryByText": [Function],
  "queryByTitle": [Function],
  "rerender": [Function],
  "unmount": [Function],
}
`;
