// Jest Snapshot v1, https://jestjs.io/docs/snapshot-testing

exports[`SettingsOptions should render the component correctly 1`] = `
{
  "asFragment": [Function],
  "baseElement": <body>
    <div>
      <div
        class="flex flex-col gap-2"
      >
        <span
          class="text-center"
        >
          Player Mode
        </span>
        <div
          class="flex flex-col gap-2"
        >
          <button
            aria-label="singlePlayer"
            class="w-full rounded-xl border-2 uppercase hover:cursor-pointer border-rose-600 bg-rose-100 dark:border-rose-600 dark:bg-rose-950/70"
          >
            <div
              class="flex w-full items-center justify-between gap-8 px-8 py-6"
            >
              <svg
                class="size-12"
                fill="none"
                height="24"
                stroke="currentColor"
                stroke-linecap="round"
                stroke-linejoin="round"
                stroke-width="2"
                viewBox="0 0 24 24"
                width="24"
                xmlns="http://www.w3.org/2000/svg"
              >
                <path
                  d="M19 21v-2a4 4 0 0 0-4-4H9a4 4 0 0 0-4 4v2"
                />
                <circle
                  cx="12"
                  cy="7"
                  r="4"
                />
              </svg>
              <span
                class="text-xl font-medium"
              >
                VS
              </span>
              <svg
                class="size-12"
                fill="none"
                height="24"
                stroke="currentColor"
                stroke-linecap="round"
                stroke-linejoin="round"
                stroke-width="2"
                viewBox="0 0 24 24"
                width="24"
                xmlns="http://www.w3.org/2000/svg"
              >
                <path
                  d="M12 8V4H8"
                />
                <rect
                  height="12"
                  rx="2"
                  width="16"
                  x="4"
                  y="8"
                />
                <path
                  d="M2 14h2"
                />
                <path
                  d="M20 14h2"
                />
                <path
                  d="M15 13v2"
                />
                <path
                  d="M9 13v2"
                />
              </svg>
            </div>
          </button>
          <button
            aria-label="twoPlayers"
            class="w-full rounded-xl border-2 border-neutral-300 uppercase hover:cursor-pointer dark:border-white/20"
          >
            <div
              class="flex w-full items-center justify-between gap-8 px-8 py-6"
            >
              <svg
                class="size-12"
                fill="none"
                height="24"
                stroke="currentColor"
                stroke-linecap="round"
                stroke-linejoin="round"
                stroke-width="2"
                viewBox="0 0 24 24"
                width="24"
                xmlns="http://www.w3.org/2000/svg"
              >
                <path
                  d="M19 21v-2a4 4 0 0 0-4-4H9a4 4 0 0 0-4 4v2"
                />
                <circle
                  cx="12"
                  cy="7"
                  r="4"
                />
              </svg>
              <span
                class="text-xl font-medium"
              >
                VS
              </span>
              <svg
                class="size-12"
                fill="none"
                height="24"
                stroke="currentColor"
                stroke-linecap="round"
                stroke-linejoin="round"
                stroke-width="2"
                viewBox="0 0 24 24"
                width="24"
                xmlns="http://www.w3.org/2000/svg"
              >
                <path
                  d="M19 21v-2a4 4 0 0 0-4-4H9a4 4 0 0 0-4 4v2"
                />
                <circle
                  cx="12"
                  cy="7"
                  r="4"
                />
              </svg>
            </div>
          </button>
        </div>
      </div>
    </div>
  </body>,
  "container": <div>
    <div
      class="flex flex-col gap-2"
    >
      <span
        class="text-center"
      >
        Player Mode
      </span>
      <div
        class="flex flex-col gap-2"
      >
        <button
          aria-label="singlePlayer"
          class="w-full rounded-xl border-2 uppercase hover:cursor-pointer border-rose-600 bg-rose-100 dark:border-rose-600 dark:bg-rose-950/70"
        >
          <div
            class="flex w-full items-center justify-between gap-8 px-8 py-6"
          >
            <svg
              class="size-12"
              fill="none"
              height="24"
              stroke="currentColor"
              stroke-linecap="round"
              stroke-linejoin="round"
              stroke-width="2"
              viewBox="0 0 24 24"
              width="24"
              xmlns="http://www.w3.org/2000/svg"
            >
              <path
                d="M19 21v-2a4 4 0 0 0-4-4H9a4 4 0 0 0-4 4v2"
              />
              <circle
                cx="12"
                cy="7"
                r="4"
              />
            </svg>
            <span
              class="text-xl font-medium"
            >
              VS
            </span>
            <svg
              class="size-12"
              fill="none"
              height="24"
              stroke="currentColor"
              stroke-linecap="round"
              stroke-linejoin="round"
              stroke-width="2"
              viewBox="0 0 24 24"
              width="24"
              xmlns="http://www.w3.org/2000/svg"
            >
              <path
                d="M12 8V4H8"
              />
              <rect
                height="12"
                rx="2"
                width="16"
                x="4"
                y="8"
              />
              <path
                d="M2 14h2"
              />
              <path
                d="M20 14h2"
              />
              <path
                d="M15 13v2"
              />
              <path
                d="M9 13v2"
              />
            </svg>
          </div>
        </button>
        <button
          aria-label="twoPlayers"
          class="w-full rounded-xl border-2 border-neutral-300 uppercase hover:cursor-pointer dark:border-white/20"
        >
          <div
            class="flex w-full items-center justify-between gap-8 px-8 py-6"
          >
            <svg
              class="size-12"
              fill="none"
              height="24"
              stroke="currentColor"
              stroke-linecap="round"
              stroke-linejoin="round"
              stroke-width="2"
              viewBox="0 0 24 24"
              width="24"
              xmlns="http://www.w3.org/2000/svg"
            >
              <path
                d="M19 21v-2a4 4 0 0 0-4-4H9a4 4 0 0 0-4 4v2"
              />
              <circle
                cx="12"
                cy="7"
                r="4"
              />
            </svg>
            <span
              class="text-xl font-medium"
            >
              VS
            </span>
            <svg
              class="size-12"
              fill="none"
              height="24"
              stroke="currentColor"
              stroke-linecap="round"
              stroke-linejoin="round"
              stroke-width="2"
              viewBox="0 0 24 24"
              width="24"
              xmlns="http://www.w3.org/2000/svg"
            >
              <path
                d="M19 21v-2a4 4 0 0 0-4-4H9a4 4 0 0 0-4 4v2"
              />
              <circle
                cx="12"
                cy="7"
                r="4"
              />
            </svg>
          </div>
        </button>
      </div>
    </div>
  </div>,
  "debug": [Function],
  "findAllByAltText": [Function],
  "findAllByDisplayValue": [Function],
  "findAllByLabelText": [Function],
  "findAllByPlaceholderText": [Function],
  "findAllByRole": [Function],
  "findAllByTestId": [Function],
  "findAllByText": [Function],
  "findAllByTitle": [Function],
  "findByAltText": [Function],
  "findByDisplayValue": [Function],
  "findByLabelText": [Function],
  "findByPlaceholderText": [Function],
  "findByRole": [Function],
  "findByTestId": [Function],
  "findByText": [Function],
  "findByTitle": [Function],
  "getAllByAltText": [Function],
  "getAllByDisplayValue": [Function],
  "getAllByLabelText": [Function],
  "getAllByPlaceholderText": [Function],
  "getAllByRole": [Function],
  "getAllByTestId": [Function],
  "getAllByText": [Function],
  "getAllByTitle": [Function],
  "getByAltText": [Function],
  "getByDisplayValue": [Function],
  "getByLabelText": [Function],
  "getByPlaceholderText": [Function],
  "getByRole": [Function],
  "getByTestId": [Function],
  "getByText": [Function],
  "getByTitle": [Function],
  "queryAllByAltText": [Function],
  "queryAllByDisplayValue": [Function],
  "queryAllByLabelText": [Function],
  "queryAllByPlaceholderText": [Function],
  "queryAllByRole": [Function],
  "queryAllByTestId": [Function],
  "queryAllByText": [Function],
  "queryAllByTitle": [Function],
  "queryByAltText": [Function],
  "queryByDisplayValue": [Function],
  "queryByLabelText": [Function],
  "queryByPlaceholderText": [Function],
  "queryByRole": [Function],
  "queryByTestId": [Function],
  "queryByText": [Function],
  "queryByTitle": [Function],
  "rerender": [Function],
  "unmount": [Function],
}
`;
